Microchip MPLAB XC8 Compiler V1.33 ()

Linker command line:

--edf=C:\Program Files (x86)\Microchip\xc8\v1.33\dat\en_msgs.txt -cs \
  -h+delapena_Ex1.sym --cmf=delapena_Ex1.cmf -z -Q16F877A \
  -oC:\Users\JPDELA~1\AppData\Local\Temp\s9vo.6 -Mdelapena_Ex1.map -E1 \
  -ver=XC8 -ASTACK=0110h-016fh -pstack=STACK -ACONST=00h-0FFhx32 \
  -ACODE=00h-07FFhx4 -ASTRCODE=00h-01FFFh -AENTRY=00h-0FFhx32 \
  -ASTRING=00h-0FFhx32 -ACOMMON=070h-07Fh -ABANK0=020h-06Fh \
  -ABANK1=0A0h-0EFh -ABANK2=0110h-016Fh -ABANK3=0190h-01EFh \
  -ARAM=020h-06Fh,0A0h-0EFh,0110h-016Fh,0190h-01EFh \
  -AABS1=020h-07Fh,0A0h-0EFh,0110h-016Fh,0190h-01EFh -ASFR0=00h-01Fh \
  -ASFR1=080h-09Fh -ASFR2=0100h-010Fh -ASFR3=0180h-018Fh \
  -preset_vec=00h,intentry,init,end_init -ppowerup=CODE -pcinit=CODE \
  -pfunctab=CODE -ACONFIG=02007h-02007h -pconfig=CONFIG -DCONFIG=2 \
  -AIDLOC=02000h-02003h -pidloc=IDLOC -DIDLOC=2 -AEEDATA=00h-0FFh/02100h \
  -peeprom_data=EEDATA -DEEDATA=2 -DCODE=2 -DSTRCODE=2 -DSTRING=2 -DCONST=2 \
  -DENTRY=2 -k startup.obj delapena_Ex1.obj 

Object code version is 3.11

Machine type is 16F877A



                Name                               Link     Load   Length Selector   Space Scale
startup.obj     end_init                              0        0        3        0       0
                config                             2007     2007        1     400E       0
delapena_Ex1.obj
                cinit                               7FC      7FC        4      FF8       0
                text7                               70F      70F        9      E1E       0
                text6                               788      788       27      F10       0
                text5                               726      726       13      E4C       0
                text4                               718      718        E      E30       0
                text3                               769      769       1F      ED2       0
                text2                               739      739       13      E72       0
                text1                               74C      74C       1D      E98       0
                maintext                            7AF      7AF       4D      F5E       0
                cstackCOMMON                         70       70        D       70       1
                strings                               3        3       2B        6       0

TOTAL           Name                               Link     Load   Length     Space
        CLASS   STACK          

        CLASS   CONST          

        CLASS   CODE           
                end_init                              0        0        3         0
                cinit                               7FC      7FC        4         0
                text7                               70F      70F        9         0
                text6                               788      788       27         0
                text5                               726      726       13         0
                text4                               718      718        E         0
                text3                               769      769       1F         0
                text2                               739      739       13         0
                text1                               74C      74C       1D         0
                maintext                            7AF      7AF       4D         0

        CLASS   STRCODE        

        CLASS   ENTRY          

        CLASS   STRING         
                strings                               3        3       2B         0

        CLASS   COMMON         
                cstackCOMMON                         70       70        D         1

        CLASS   BANK0          

        CLASS   BANK1          

        CLASS   BANK2          

        CLASS   BANK3          

        CLASS   RAM            

        CLASS   ABS1           
                abs_s1                               7E       7E        2         1

        CLASS   SFR0           

        CLASS   SFR1           

        CLASS   SFR2           

        CLASS   SFR3           

        CLASS   CONFIG         
                config                             2007     2007        1         0

        CLASS   IDLOC          

        CLASS   EEDATA         



SEGMENTS        Name                           Load    Length   Top    Selector   Space  Class     Delta

                reset_vec                      000000  000003  000003         0       0  CODE        2
                strings                        000003  00002B  00002E         6       0  STRING      2
                cstackCOMMON                   000070  00000D  00007D        70       1  COMMON      1
                text7                          00070F  000009  000718       E1E       0  CODE        2
                text4                          000718  00000E  000726       E30       0  CODE        2
                text5                          000726  000013  000739       E4C       0  CODE        2
                text2                          000739  000013  00074C       E72       0  CODE        2
                text1                          00074C  00001D  000769       E98       0  CODE        2
                text3                          000769  00001F  000788       ED2       0  CODE        2
                text6                          000788  000027  0007AF       F10       0  CODE        2
                maintext                       0007AF  00004D  0007FC       F5E       0  CODE        2
                cinit                          0007FC  000004  000800       FF8       0  CODE        2
                config                         002007  000001  002008      400E       0  CONFIG      2


UNUSED ADDRESS RANGES

        Name                Unused          Largest block    Delta
        BANK0            0020-006F             50           1
        BANK1            00A0-00EF             50           1
        BANK2            0110-016F             60           1
        BANK3            0190-01EF             60           1
        CODE             002E-070E            6E1           2
                         0800-1FFF            800
        COMMON           007D-007D              1           1
        CONST            002E-070E            100           2
                         0800-1FFF            100
        EEDATA           2100-21FF            100           2
        ENTRY            002E-070E            100           2
                         0800-1FFF            100
        IDLOC            2000-2003              4           2
        RAM              0020-006F             50           1
                         00A0-00EF             50
                         0110-016F             60
                         0190-01EF             60
        SFR0             0000-001F             20           1
        SFR1             0080-009F             20           1
        SFR2             0100-010F             10           1
        SFR3             0180-018F             10           1
        STACK            0110-016F             60           1
        STRCODE          002E-070E            6E1           2
                         0800-1FFF           1800
        STRING           002E-070E            100           2
                         0800-1FFF            100

                                  Symbol Table

_ADCON1                     (abs)        009F
_PORTC                      (abs)        0007
_PORTD                      (abs)        0008
_RB5                        (abs)        0035
_RB6                        (abs)        0036
_RB7                        (abs)        0037
_RD4                        (abs)        0044
_TRISB                      (abs)        0086
_TRISC                      (abs)        0087
_TRISD                      (abs)        0088
__CFG_BOREN$ON              (abs)        0000
__CFG_CP$OFF                (abs)        0000
__CFG_CPD$OFF               (abs)        0000
__CFG_FOSC$XT               (abs)        0000
__CFG_LVP$OFF               (abs)        0000
__CFG_PWRTE$ON              (abs)        0000
__CFG_WDTE$OFF              (abs)        0000
__CFG_WRT$OFF               (abs)        0000
__Habs1                     abs1         0000
__Hbank0                    bank0        0000
__Hbank1                    bank1        0000
__Hbank2                    bank2        0000
__Hbank3                    bank3        0000
__Hcinit                    cinit        0800
__Hclrtext                  clrtext      0000
__Hcode                     code         0000
__Hcommon                   common       0000
__Hconfig                   config       2008
__HcstackCOMMON             cstackCOMMON 0000
__Heeprom_data              eeprom_data  0000
__Hend_init                 end_init     0003
__Hfunctab                  functab      0000
__Hidloc                    idloc        0000
__Hinit                     init         0000
__Hintentry                 intentry     0000
__Hmaintext                 maintext     0000
__Hpowerup                  powerup      0000
__Hram                      ram          0000
__Hreset_vec                reset_vec    0000
__Hsfr0                     sfr0         0000
__Hsfr1                     sfr1         0000
__Hsfr2                     sfr2         0000
__Hsfr3                     sfr3         0000
__Hspace_0                  (abs)        2008
__Hspace_1                  (abs)        007D
__Hspace_2                  (abs)        0000
__Hspace_3                  (abs)        0000
__Hstack                    stack        0000
__Hstrings                  strings      0000
__Htext                     text         0000
__Labs1                     abs1         0000
__Lbank0                    bank0        0000
__Lbank1                    bank1        0000
__Lbank2                    bank2        0000
__Lbank3                    bank3        0000
__Lcinit                    cinit        07FC
__Lclrtext                  clrtext      0000
__Lcode                     code         0000
__Lcommon                   common       0000
__Lconfig                   config       2007
__LcstackCOMMON             cstackCOMMON 0000
__Leeprom_data              eeprom_data  0000
__Lend_init                 end_init     0000
__Lfunctab                  functab      0000
__Lidloc                    idloc        0000
__Linit                     init         0000
__Lintentry                 intentry     0000
__Lmaintext                 maintext     0000
__Lpowerup                  powerup      0000
__Lram                      ram          0000
__Lreset_vec                reset_vec    0000
__Lsfr0                     sfr0         0000
__Lsfr1                     sfr1         0000
__Lsfr2                     sfr2         0000
__Lsfr3                     sfr3         0000
__Lspace_0                  (abs)        0000
__Lspace_1                  (abs)        0000
__Lspace_2                  (abs)        0000
__Lspace_3                  (abs)        0000
__Lstack                    stack        0000
__Lstrings                  strings      0000
__Ltext                     text         0000
__S0                        (abs)        2008
__S1                        (abs)        007D
__S2                        (abs)        0000
__S3                        (abs)        0000
___int_sp                   stack        0000
___latbits                  (abs)        0002
___sp                       stack        0000
__end_of__initialization    cinit        07FC
__end_of__stringtab         strings      0009
__end_of_clearDisplay       text4        0726
__end_of_delay              text6        07AF
__end_of_getKeyFromPort     text7        0718
__end_of_initLCD            text3        0788
__end_of_keypadLayout       strings      002E
__end_of_keypadLayout1      strings      001C
__end_of_main               maintext     07FC
__end_of_sendLCDCommand     text5        0739
__end_of_sendLCDData        text2        074C
__end_of_setCursorPosition  text1        0769
__initialization            cinit        07FC
__pcstackCOMMON             cstackCOMMON 0070
__pmaintext                 maintext     07AF
__pstrings                  strings      0003
__ptext1                    text1        074C
__ptext2                    text2        0739
__ptext3                    text3        0769
__ptext4                    text4        0718
__ptext5                    text5        0726
__ptext6                    text6        0788
__ptext7                    text7        070F
__size_of_clearDisplay      (abs)        0000
__size_of_delay             (abs)        0000
__size_of_getKeyFromPort    (abs)        0000
__size_of_initLCD           (abs)        0000
__size_of_main              (abs)        0000
__size_of_sendLCDCommand    (abs)        0000
__size_of_sendLCDData       (abs)        0000
__size_of_setCursorPosition (abs)        0000
__stringbase                strings      0008
__stringtab                 strings      0003
_clearDisplay               text4        0718
_delay                      text6        0788
_getKeyFromPort             text7        070F
_initLCD                    text3        0769
_keypadLayout               strings      001C
_keypadLayout1              strings      0009
_main                       maintext     07AF
_sendLCDCommand             text5        0726
_sendLCDData                text2        0739
_setCursorPosition          text1        074C
btemp                       (abs)        007E
delay@i                     cstackCOMMON 0072
delay@j                     cstackCOMMON 0074
delay@ms                    cstackCOMMON 0070
end_of_initialization       cinit        07FC
getKeyFromPort@fol          cstackCOMMON 0071
intlevel0                   functab      0000
intlevel1                   functab      0000
intlevel2                   functab      0000
intlevel3                   functab      0000
intlevel4                   functab      0000
intlevel5                   functab      0000
ltemp                       (abs)        007E
ltemp0                      (abs)        007E
ltemp1                      (abs)        0082
ltemp2                      (abs)        0086
ltemp3                      (abs)        0080
main@hexIn                  cstackCOMMON 007B
main@posCount               cstackCOMMON 007C
reset_vec                   reset_vec    0000
sendLCDCommand@cmd          cstackCOMMON 0076
sendLCDData@data            cstackCOMMON 0076
setCursorPosition@cmd       cstackCOMMON 0078
setCursorPosition@pos       cstackCOMMON 0079
stackhi                     (abs)        0000
stacklo                     (abs)        0000
start                       init         0000
start_initialization        cinit        07FC
ttemp                       (abs)        007E
ttemp0                      (abs)        007E
ttemp1                      (abs)        0081
ttemp2                      (abs)        0084
ttemp3                      (abs)        0087
ttemp4                      (abs)        007F
wtemp                       (abs)        007E
wtemp0                      (abs)        007E
wtemp1                      (abs)        0080
wtemp2                      (abs)        0082
wtemp3                      (abs)        0084
wtemp4                      (abs)        0086
wtemp5                      (abs)        0088
wtemp6                      (abs)        007F


FUNCTION INFORMATION:

 *************** function _main *****************
 Defined at:
		line 80 in file "Z:\Embedded System\premid\delapena_Ex1.c"
 Parameters:    Size  Location     Type
		None
 Auto vars:     Size  Location     Type
  hexIn           1   11[COMMON] unsigned char 
  posCount        1   12[COMMON] unsigned char 
 Return value:  Size  Location     Type
                  2   63[COMMON] int 
 Registers used:
		wreg, fsr0l, fsr0h, status,2, status,0, pclath, cstack
 Tracked objects:
		On entry : 
		On exit  : 
		Unchanged: 
 Data sizes:     COMMON   BANK0   BANK1   BANK3   BANK2
      Params:         0       0       0       0       0
      Locals:         2       0       0       0       0
      Temps:          1       0       0       0       0
      Totals:         3       0       0       0       0
Total ram usage:        3 bytes
 Hardware stack levels required when called:    4
 This function calls:
		_clearDisplay
		_getKeyFromPort
		_initLCD
		_sendLCDData
		_setCursorPosition
 This function is called by:
		Startup code after reset
 This function uses a non-reentrant model


 *************** function _setCursorPosition *****************
 Defined at:
		line 53 in file "Z:\Embedded System\premid\delapena_Ex1.c"
 Parameters:    Size  Location     Type
  pos             1    wreg     unsigned char 
 Auto vars:     Size  Location     Type
  pos             1    9[COMMON] unsigned char 
  cmd             1    8[COMMON] unsigned char 
 Return value:  Size  Location     Type
		None               void
 Registers used:
		wreg, status,2, status,0, pclath, cstack
 Tracked objects:
		On entry : 
		On exit  : 
		Unchanged: 
 Data sizes:     COMMON   BANK0   BANK1   BANK3   BANK2
      Params:         0       0       0       0       0
      Locals:         2       0       0       0       0
      Temps:          1       0       0       0       0
      Totals:         3       0       0       0       0
Total ram usage:        3 bytes
 Hardware stack levels used:    1
 Hardware stack levels required when called:    2
 This function calls:
		_sendLCDCommand
 This function is called by:
		_main
 This function uses a non-reentrant model


 *************** function _sendLCDData *****************
 Defined at:
		line 31 in file "Z:\Embedded System\premid\delapena_Ex1.c"
 Parameters:    Size  Location     Type
  data            1    wreg     unsigned char 
 Auto vars:     Size  Location     Type
  data            1    6[COMMON] unsigned char 
 Return value:  Size  Location     Type
		None               void
 Registers used:
		wreg, status,2, status,0, pclath, cstack
 Tracked objects:
		On entry : 
		On exit  : 
		Unchanged: 
 Data sizes:     COMMON   BANK0   BANK1   BANK3   BANK2
      Params:         0       0       0       0       0
      Locals:         1       0       0       0       0
      Temps:          0       0       0       0       0
      Totals:         1       0       0       0       0
Total ram usage:        1 bytes
 Hardware stack levels used:    1
 Hardware stack levels required when called:    1
 This function calls:
		_delay
 This function is called by:
		_main
 This function uses a non-reentrant model


 *************** function _initLCD *****************
 Defined at:
		line 40 in file "Z:\Embedded System\premid\delapena_Ex1.c"
 Parameters:    Size  Location     Type
		None
 Auto vars:     Size  Location     Type
		None
 Return value:  Size  Location     Type
		None               void
 Registers used:
		wreg, status,2, status,0, pclath, cstack
 Tracked objects:
		On entry : 
		On exit  : 
		Unchanged: 
 Data sizes:     COMMON   BANK0   BANK1   BANK3   BANK2
      Params:         0       0       0       0       0
      Locals:         0       0       0       0       0
      Temps:          0       0       0       0       0
      Totals:         0       0       0       0       0
Total ram usage:        0 bytes
 Hardware stack levels used:    1
 Hardware stack levels required when called:    3
 This function calls:
		_clearDisplay
		_delay
		_sendLCDCommand
 This function is called by:
		_main
 This function uses a non-reentrant model


 *************** function _clearDisplay *****************
 Defined at:
		line 48 in file "Z:\Embedded System\premid\delapena_Ex1.c"
 Parameters:    Size  Location     Type
		None
 Auto vars:     Size  Location     Type
		None
 Return value:  Size  Location     Type
		None               void
 Registers used:
		wreg, status,2, status,0, pclath, cstack
 Tracked objects:
		On entry : 
		On exit  : 
		Unchanged: 
 Data sizes:     COMMON   BANK0   BANK1   BANK3   BANK2
      Params:         0       0       0       0       0
      Locals:         0       0       0       0       0
      Temps:          0       0       0       0       0
      Totals:         0       0       0       0       0
Total ram usage:        0 bytes
 Hardware stack levels used:    1
 Hardware stack levels required when called:    2
 This function calls:
		_delay
		_sendLCDCommand
 This function is called by:
		_initLCD
		_main
 This function uses a non-reentrant model


 *************** function _sendLCDCommand *****************
 Defined at:
		line 20 in file "Z:\Embedded System\premid\delapena_Ex1.c"
 Parameters:    Size  Location     Type
  cmd             1    wreg     unsigned char 
 Auto vars:     Size  Location     Type
  cmd             1    6[COMMON] unsigned char 
 Return value:  Size  Location     Type
		None               void
 Registers used:
		wreg, status,2, status,0, pclath, cstack
 Tracked objects:
		On entry : 
		On exit  : 
		Unchanged: 
 Data sizes:     COMMON   BANK0   BANK1   BANK3   BANK2
      Params:         0       0       0       0       0
      Locals:         1       0       0       0       0
      Temps:          0       0       0       0       0
      Totals:         1       0       0       0       0
Total ram usage:        1 bytes
 Hardware stack levels used:    1
 Hardware stack levels required when called:    1
 This function calls:
		_delay
 This function is called by:
		_initLCD
		_clearDisplay
		_setCursorPosition
 This function uses a non-reentrant model


 *************** function _delay *****************
 Defined at:
		line 64 in file "Z:\Embedded System\premid\delapena_Ex1.c"
 Parameters:    Size  Location     Type
  ms              2    0[COMMON] unsigned int 
 Auto vars:     Size  Location     Type
  j               2    4[COMMON] unsigned int 
  i               2    2[COMMON] unsigned int 
 Return value:  Size  Location     Type
		None               void
 Registers used:
		wreg, status,2
 Tracked objects:
		On entry : 
		On exit  : 
		Unchanged: 
 Data sizes:     COMMON   BANK0   BANK1   BANK3   BANK2
      Params:         2       0       0       0       0
      Locals:         4       0       0       0       0
      Temps:          0       0       0       0       0
      Totals:         6       0       0       0       0
Total ram usage:        6 bytes
 Hardware stack levels used:    1
 This function calls:
		Nothing
 This function is called by:
		_sendLCDCommand
		_sendLCDData
		_initLCD
		_clearDisplay
 This function uses a non-reentrant model


 *************** function _getKeyFromPort *****************
 Defined at:
		line 71 in file "Z:\Embedded System\premid\delapena_Ex1.c"
 Parameters:    Size  Location     Type
		None
 Auto vars:     Size  Location     Type
  fol             1    1[COMMON] unsigned char 
 Return value:  Size  Location     Type
                  1    wreg      unsigned char 
 Registers used:
		wreg, status,2
 Tracked objects:
		On entry : 
		On exit  : 
		Unchanged: 
 Data sizes:     COMMON   BANK0   BANK1   BANK3   BANK2
      Params:         0       0       0       0       0
      Locals:         1       0       0       0       0
      Temps:          1       0       0       0       0
      Totals:         2       0       0       0       0
Total ram usage:        2 bytes
 Hardware stack levels used:    1
 This function calls:
		Nothing
 This function is called by:
		_main
 This function uses a non-reentrant model



MODULE INFORMATION

Module		Function		Class		Link	Load	Size
Z:\Embedded System\premid\delapena_Ex1.c
		_setCursorPosit		CODE           	074C	0000	29
		_delay         		CODE           	0788	0000	39
		_getKeyFromPort		CODE           	070F	0000	9
		_main          		CODE           	07AF	0000	77
		_clearDisplay  		CODE           	0718	0000	14
		_sendLCDData   		CODE           	0739	0000	19
		_initLCD       		CODE           	0769	0000	31
		_sendLCDCommand		CODE           	0726	0000	19

Z:\Embedded System\premid\delapena_Ex1.c estimated size: 237

shared
		__stringtab    		STRING         	0003	0000	6
		__initializatio		CODE           	07FC	0000	0
		_keypadLayout  		STRING         	001C	0000	18
		_keypadLayout1 		STRING         	0009	0000	19

shared estimated size: 43

