

Microchip Technology PIC LITE Macro Assembler V1.33 build 59893 
                                                                                               Wed Mar 18 10:39:42 2026

Microchip Technology Omniscient Code Generator (Lite mode) build 59893
     1                           	processor	16F877A
     2                           	opt	pw 120
     3                           	opt	lm
     4                           	psect	strings,global,class=STRING,delta=2
     5                           	psect	cinit,global,class=CODE,merge=1,delta=2
     6                           	psect	cstackCOMMON,global,class=COMMON,space=1,delta=1
     7                           	psect	maintext,global,class=CODE,split=1,delta=2
     8                           	psect	text1,local,class=CODE,merge=1,delta=2
     9                           	psect	text2,local,class=CODE,merge=1,delta=2
    10                           	psect	text3,local,class=CODE,merge=1,delta=2
    11                           	psect	text4,local,class=CODE,merge=1,delta=2
    12                           	psect	text5,local,class=CODE,merge=1,delta=2
    13                           	psect	text6,local,class=CODE,merge=1,delta=2
    14                           	psect	text7,local,class=CODE,merge=1,delta=2
    15                           	dabs	1,0x7E,2
    16  0000                     	;# 
    17  0001                     	;# 
    18  0002                     	;# 
    19  0003                     	;# 
    20  0004                     	;# 
    21  0005                     	;# 
    22  0006                     	;# 
    23  0007                     	;# 
    24  0008                     	;# 
    25  0009                     	;# 
    26  000A                     	;# 
    27  000B                     	;# 
    28  000C                     	;# 
    29  000D                     	;# 
    30  000E                     	;# 
    31  000E                     	;# 
    32  000F                     	;# 
    33  0010                     	;# 
    34  0011                     	;# 
    35  0012                     	;# 
    36  0013                     	;# 
    37  0014                     	;# 
    38  0015                     	;# 
    39  0015                     	;# 
    40  0016                     	;# 
    41  0017                     	;# 
    42  0018                     	;# 
    43  0019                     	;# 
    44  001A                     	;# 
    45  001B                     	;# 
    46  001B                     	;# 
    47  001C                     	;# 
    48  001D                     	;# 
    49  001E                     	;# 
    50  001F                     	;# 
    51  0081                     	;# 
    52  0085                     	;# 
    53  0086                     	;# 
    54  0087                     	;# 
    55  0088                     	;# 
    56  0089                     	;# 
    57  008C                     	;# 
    58  008D                     	;# 
    59  008E                     	;# 
    60  0091                     	;# 
    61  0092                     	;# 
    62  0093                     	;# 
    63  0094                     	;# 
    64  0098                     	;# 
    65  0099                     	;# 
    66  009C                     	;# 
    67  009D                     	;# 
    68  009E                     	;# 
    69  009F                     	;# 
    70  010C                     	;# 
    71  010D                     	;# 
    72  010E                     	;# 
    73  010F                     	;# 
    74  018C                     	;# 
    75  018D                     	;# 
    76                           
    77                           	psect	strings
    78  0003                     __pstrings:	
    79  0003                     stringtab:	
    80  0003                     __stringtab:	
    81  0003                     stringcode:	
    82                           ;	String table - string pointers are 1 byte each
    83                           
    84  0003                     stringdir:	
    85  0003  3000               	movlw	high stringdir
    86  0004  008A               	movwf	10
    87  0005  0804               	movf	4,w
    88  0006  0A84               	incf	4,f
    89  0007  0782               	addwf	2,f
    90  0008                     __stringbase:	
    91  0008  3400               	retlw	0
    92  0009                     __end_of__stringtab:	
    93  0009                     _keypadLayout1:	
    94  0009  3420               	retlw	32
    95  000A  3420               	retlw	32
    96  000B  3420               	retlw	32
    97  000C  3420               	retlw	32
    98  000D  3420               	retlw	32
    99  000E  3420               	retlw	32
   100  000F  3420               	retlw	32
   101  0010  3420               	retlw	32
   102  0011  3420               	retlw	32
   103  0012  3420               	retlw	32
   104  0013  3420               	retlw	32
   105  0014  3430               	retlw	48
   106  0015  3430               	retlw	48
   107  0016  3431               	retlw	49
   108  0017  3432               	retlw	50
   109  0018  3433               	retlw	51
   110  0019  3434               	retlw	52
   111  001A  3444               	retlw	68
   112  001B  3400               	retlw	0
   113  001C                     __end_of_keypadLayout1:	
   114  001C                     _keypadLayout:	
   115  001C  3431               	retlw	49
   116  001D  3432               	retlw	50
   117  001E  3433               	retlw	51
   118  001F  3441               	retlw	65
   119  0020  3434               	retlw	52
   120  0021  3435               	retlw	53
   121  0022  3436               	retlw	54
   122  0023  3442               	retlw	66
   123  0024  3437               	retlw	55
   124  0025  3438               	retlw	56
   125  0026  3439               	retlw	57
   126  0027  3443               	retlw	67
   127  0028  3431               	retlw	49
   128  0029  3431               	retlw	49
   129  002A  3431               	retlw	49
   130  002B  3431               	retlw	49
   131  002C  3444               	retlw	68
   132  002D  3400               	retlw	0
   133  002E                     __end_of_keypadLayout:	
   134  0007                     _PORTC	set	7
   135  0008                     _PORTD	set	8
   136  0035                     _RB5	set	53
   137  0036                     _RB6	set	54
   138  0037                     _RB7	set	55
   139  0044                     _RD4	set	68
   140  009F                     _ADCON1	set	159
   141  0086                     _TRISB	set	134
   142  0087                     _TRISC	set	135
   143  0088                     _TRISD	set	136
   144                           
   145                           ; #config settings
   146  0000                     
   147                           	psect	cinit
   148  07FC                     start_initialization:	
   149  07FC                     __initialization:	
   150  07FC                     end_of_initialization:	
   151                           ;End of C runtime variable initialization code
   152                           
   153  07FC                     __end_of__initialization:	
   154  07FC  0183               	clrf	3
   155  07FD  120A  118A  2FAF   	ljmp	_main	;jump to C main() function
   156                           
   157                           	psect	cstackCOMMON
   158  0070                     __pcstackCOMMON:	
   159  0070                     ?_delay:	
   160  0070                     ?_clearDisplay:	
   161                           ; 0 bytes @ 0x0
   162                           
   163  0070                     ?_sendLCDCommand:	
   164                           ; 0 bytes @ 0x0
   165                           
   166  0070                     ?_sendLCDData:	
   167                           ; 0 bytes @ 0x0
   168                           
   169  0070                     ?_initLCD:	
   170                           ; 0 bytes @ 0x0
   171                           
   172  0070                     ?_setCursorPosition:	
   173                           ; 0 bytes @ 0x0
   174                           
   175  0070                     ??_getKeyFromPort:	
   176                           ; 0 bytes @ 0x0
   177                           
   178  0070                     ?_getKeyFromPort:	
   179                           ; 0 bytes @ 0x0
   180                           
   181  0070                     ?_main:	
   182                           ; 1 bytes @ 0x0
   183                           
   184  0070                     delay@ms:	
   185                           ; 2 bytes @ 0x0
   186                           
   187                           
   188                           ; 2 bytes @ 0x0
   189  0070                     	ds	1
   190  0071                     getKeyFromPort@fol:	
   191                           
   192                           ; 1 bytes @ 0x1
   193  0071                     	ds	1
   194  0072                     ??_delay:	
   195  0072                     delay@i:	
   196                           ; 0 bytes @ 0x2
   197                           
   198                           
   199                           ; 2 bytes @ 0x2
   200  0072                     	ds	2
   201  0074                     delay@j:	
   202                           
   203                           ; 2 bytes @ 0x4
   204  0074                     	ds	2
   205  0076                     ??_sendLCDCommand:	
   206  0076                     ??_sendLCDData:	
   207                           ; 0 bytes @ 0x6
   208                           
   209  0076                     sendLCDCommand@cmd:	
   210                           ; 0 bytes @ 0x6
   211                           
   212  0076                     sendLCDData@data:	
   213                           ; 1 bytes @ 0x6
   214                           
   215                           
   216                           ; 1 bytes @ 0x6
   217  0076                     	ds	1
   218  0077                     ??_clearDisplay:	
   219  0077                     ??_initLCD:	
   220                           ; 0 bytes @ 0x7
   221                           
   222  0077                     ??_setCursorPosition:	
   223                           ; 0 bytes @ 0x7
   224                           
   225                           
   226                           ; 0 bytes @ 0x7
   227  0077                     	ds	1
   228  0078                     setCursorPosition@cmd:	
   229                           
   230                           ; 1 bytes @ 0x8
   231  0078                     	ds	1
   232  0079                     setCursorPosition@pos:	
   233                           
   234                           ; 1 bytes @ 0x9
   235  0079                     	ds	1
   236  007A                     ??_main:	
   237                           
   238                           ; 0 bytes @ 0xA
   239  007A                     	ds	1
   240  007B                     main@hexIn:	
   241                           
   242                           ; 1 bytes @ 0xB
   243  007B                     	ds	1
   244  007C                     main@posCount:	
   245                           
   246                           ; 1 bytes @ 0xC
   247  007C                     	ds	1
   248                           
   249                           	psect	maintext
   250  07AF                     __pmaintext:	
   251 ;;
   252 ;;Main: autosize = 0, tempsize = 1, incstack = 0, save=0
   253 ;;
   254 ;; *************** function _main *****************
   255 ;; Defined at:
   256 ;;		line 80 in file "Z:\Embedded System\premid\delapena_Ex1.c"
   257 ;; Parameters:    Size  Location     Type
   258 ;;		None
   259 ;; Auto vars:     Size  Location     Type
   260 ;;  hexIn           1   11[COMMON] unsigned char 
   261 ;;  posCount        1   12[COMMON] unsigned char 
   262 ;; Return value:  Size  Location     Type
   263 ;;                  2   63[COMMON] int 
   264 ;; Registers used:
   265 ;;		wreg, fsr0l, fsr0h, status,2, status,0, pclath, cstack
   266 ;; Tracked objects:
   267 ;;		On entry : 17F/0
   268 ;;		On exit  : 0/0
   269 ;;		Unchanged: 0/0
   270 ;; Data sizes:     COMMON   BANK0   BANK1   BANK3   BANK2
   271 ;;      Params:         0       0       0       0       0
   272 ;;      Locals:         2       0       0       0       0
   273 ;;      Temps:          1       0       0       0       0
   274 ;;      Totals:         3       0       0       0       0
   275 ;;Total ram usage:        3 bytes
   276 ;; Hardware stack levels required when called:    4
   277 ;; This function calls:
   278 ;;		_clearDisplay
   279 ;;		_getKeyFromPort
   280 ;;		_initLCD
   281 ;;		_sendLCDData
   282 ;;		_setCursorPosition
   283 ;; This function is called by:
   284 ;;		Startup code after reset
   285 ;; This function uses a non-reentrant model
   286 ;;
   287                           
   288                           
   289                           ;psect for function _main
   290  07AF                     _main:	
   291                           
   292                           ;delapena_Ex1.c: 82: TRISB = 0x00;
   293                           
   294                           ;incstack = 0
   295                           ; Regs used in _main: [wreg-fsr0h+status,2+status,0+pclath+cstack]
   296  07AF  1683               	bsf	3,5	;RP0=1, select bank1
   297  07B0  1303               	bcf	3,6	;RP1=0, select bank1
   298  07B1  0186               	clrf	6	;volatile
   299                           
   300                           ;delapena_Ex1.c: 83: TRISC = 0x00;
   301  07B2  0187               	clrf	7	;volatile
   302                           
   303                           ;delapena_Ex1.c: 84: TRISD = 0xFF;
   304  07B3  30FF               	movlw	255
   305  07B4  0088               	movwf	8	;volatile
   306                           
   307                           ;delapena_Ex1.c: 86: ADCON1 = 0x06;
   308  07B5  3006               	movlw	6
   309  07B6  009F               	movwf	31	;volatile
   310                           
   311                           ;delapena_Ex1.c: 88: initLCD();
   312  07B7  120A  118A  2769  120A  118A  	fcall	_initLCD
   313                           
   314                           ;delapena_Ex1.c: 89: unsigned char posCount = 0;
   315  07BC  01FC               	clrf	main@posCount
   316  07BD                     l603:	
   317                           ;delapena_Ex1.c: 91: while(1) {
   318                           
   319                           
   320                           ;delapena_Ex1.c: 93: if (RD4) {
   321  07BD  1283               	bcf	3,5	;RP0=0, select bank0
   322  07BE  1303               	bcf	3,6	;RP1=0, select bank0
   323  07BF  1E08               	btfss	8,4	;volatile
   324  07C0  2FBD               	goto	l603
   325                           
   326                           ;delapena_Ex1.c: 94: unsigned char hexIn = getKeyFromPort();
   327  07C1  120A  118A  270F  120A  118A  	fcall	_getKeyFromPort
   328  07C6  00FA               	movwf	??_main
   329  07C7  087A               	movf	??_main,w
   330  07C8  00FB               	movwf	main@hexIn
   331  07C9                     l66:	
   332                           ;delapena_Ex1.c: 97: while (RD4);
   333                           
   334  07C9  1283               	bcf	3,5	;RP0=0, select bank0
   335  07CA  1303               	bcf	3,6	;RP1=0, select bank0
   336  07CB  1A08               	btfsc	8,4	;volatile
   337  07CC  2FC9               	goto	l66
   338                           
   339                           ;delapena_Ex1.c: 100: if (posCount >= 80) {
   340  07CD  3050               	movlw	80
   341  07CE  027C               	subwf	main@posCount,w
   342  07CF  1C03               	skipc
   343  07D0  2FD7               	goto	l613
   344                           
   345                           ;delapena_Ex1.c: 101: clearDisplay();
   346  07D1  120A  118A  2718  120A  118A  	fcall	_clearDisplay
   347                           
   348                           ;delapena_Ex1.c: 102: posCount = 0;
   349  07D6  01FC               	clrf	main@posCount
   350  07D7                     l613:	
   351                           
   352                           ;delapena_Ex1.c: 103: }
   353                           ;delapena_Ex1.c: 106: setCursorPosition(posCount);
   354  07D7  087C               	movf	main@posCount,w
   355  07D8  120A  118A  274C  120A  118A  	fcall	_setCursorPosition
   356                           
   357                           ;delapena_Ex1.c: 110: sendLCDData(keypadLayout[hexIn]);
   358  07DD  087B               	movf	main@hexIn,w
   359  07DE  3E14               	addlw	low (_keypadLayout-__stringbase)
   360  07DF  0084               	movwf	4
   361  07E0  120A  118A  2003  120A  118A  	fcall	stringdir
   362  07E5  120A  118A  2739  120A  118A  	fcall	_sendLCDData
   363                           
   364                           ;delapena_Ex1.c: 111: sendLCDData(keypadLayout1[hexIn]);
   365  07EA  087B               	movf	main@hexIn,w
   366  07EB  3E01               	addlw	low (_keypadLayout1-__stringbase)
   367  07EC  0084               	movwf	4
   368  07ED  120A  118A  2003  120A  118A  	fcall	stringdir
   369  07F2  120A  118A  2739  120A  118A  	fcall	_sendLCDData
   370                           
   371                           ;delapena_Ex1.c: 114: posCount++;
   372  07F7  3001               	movlw	1
   373  07F8  00FA               	movwf	??_main
   374  07F9  087A               	movf	??_main,w
   375  07FA  07FC               	addwf	main@posCount,f
   376  07FB  2FBD               	goto	l603
   377  07FC                     __end_of_main:	
   378                           ;delapena_Ex1.c: 115: }
   379                           ;delapena_Ex1.c: 116: }
   380                           ;delapena_Ex1.c: 117: return 0;
   381                           ;	Return value of _main is never used
   382                           
   383                           
   384                           	psect	text1
   385  074C                     __ptext1:	
   386 ;; *************** function _setCursorPosition *****************
   387 ;; Defined at:
   388 ;;		line 53 in file "Z:\Embedded System\premid\delapena_Ex1.c"
   389 ;; Parameters:    Size  Location     Type
   390 ;;  pos             1    wreg     unsigned char 
   391 ;; Auto vars:     Size  Location     Type
   392 ;;  pos             1    9[COMMON] unsigned char 
   393 ;;  cmd             1    8[COMMON] unsigned char 
   394 ;; Return value:  Size  Location     Type
   395 ;;		None               void
   396 ;; Registers used:
   397 ;;		wreg, status,2, status,0, pclath, cstack
   398 ;; Tracked objects:
   399 ;;		On entry : 0/0
   400 ;;		On exit  : 0/0
   401 ;;		Unchanged: 0/0
   402 ;; Data sizes:     COMMON   BANK0   BANK1   BANK3   BANK2
   403 ;;      Params:         0       0       0       0       0
   404 ;;      Locals:         2       0       0       0       0
   405 ;;      Temps:          1       0       0       0       0
   406 ;;      Totals:         3       0       0       0       0
   407 ;;Total ram usage:        3 bytes
   408 ;; Hardware stack levels used:    1
   409 ;; Hardware stack levels required when called:    2
   410 ;; This function calls:
   411 ;;		_sendLCDCommand
   412 ;; This function is called by:
   413 ;;		_main
   414 ;; This function uses a non-reentrant model
   415 ;;
   416                           
   417                           
   418                           ;psect for function _setCursorPosition
   419  074C                     _setCursorPosition:	
   420                           
   421                           ;incstack = 0
   422                           ; Regs used in _setCursorPosition: [wreg+status,2+status,0+pclath+cstack]
   423                           ;setCursorPosition@pos stored from wreg
   424  074C  00F9               	movwf	setCursorPosition@pos
   425                           
   426                           ;delapena_Ex1.c: 54: unsigned char cmd;
   427                           ;delapena_Ex1.c: 56: if (pos == 0) cmd = 0xC6;
   428  074D  08F9               	movf	setCursorPosition@pos,f
   429  074E  1903               	btfsc	3,2
   430  074F  2F54               	goto	l575
   431                           
   432                           ;delapena_Ex1.c: 57: else if (pos == 20) cmd = 0xC6;
   433  0750  0879               	movf	setCursorPosition@pos,w
   434  0751  3A14               	xorlw	20
   435  0752  1D03               	skipz
   436  0753  2F56               	goto	l577
   437  0754                     l575:	
   438  0754  30C6               	movlw	198
   439  0755  2F61               	goto	L2
   440  0756                     l577:	
   441                           
   442                           ;delapena_Ex1.c: 58: else if (pos == 40) cmd = 0x94;
   443  0756  0879               	movf	setCursorPosition@pos,w
   444  0757  3A28               	xorlw	40
   445  0758  1D03               	skipz
   446  0759  2F5C               	goto	l581
   447  075A  3094               	movlw	148
   448  075B  2F61               	goto	L2
   449  075C                     l581:	
   450                           
   451                           ;delapena_Ex1.c: 59: else if (pos == 60) cmd = 0xD4;
   452  075C  0879               	movf	setCursorPosition@pos,w
   453  075D  3A3C               	xorlw	60
   454  075E  1D03               	skipz
   455  075F  2F64               	goto	l585
   456  0760  30D4               	movlw	212
   457  0761                     L2:	
   458  0761  00F7               	movwf	??_setCursorPosition
   459  0762  0877               	movf	??_setCursorPosition,w
   460  0763  00F8               	movwf	setCursorPosition@cmd
   461  0764                     l585:	
   462                           
   463                           ;delapena_Ex1.c: 61: sendLCDCommand(cmd);
   464  0764  0878               	movf	setCursorPosition@cmd,w
   465  0765  120A  118A  2726   	fcall	_sendLCDCommand
   466  0768  0008               	return
   467  0769                     __end_of_setCursorPosition:	
   468                           
   469                           	psect	text2
   470  0739                     __ptext2:	
   471 ;; *************** function _sendLCDData *****************
   472 ;; Defined at:
   473 ;;		line 31 in file "Z:\Embedded System\premid\delapena_Ex1.c"
   474 ;; Parameters:    Size  Location     Type
   475 ;;  data            1    wreg     unsigned char 
   476 ;; Auto vars:     Size  Location     Type
   477 ;;  data            1    6[COMMON] unsigned char 
   478 ;; Return value:  Size  Location     Type
   479 ;;		None               void
   480 ;; Registers used:
   481 ;;		wreg, status,2, status,0, pclath, cstack
   482 ;; Tracked objects:
   483 ;;		On entry : 0/0
   484 ;;		On exit  : 0/0
   485 ;;		Unchanged: 0/0
   486 ;; Data sizes:     COMMON   BANK0   BANK1   BANK3   BANK2
   487 ;;      Params:         0       0       0       0       0
   488 ;;      Locals:         1       0       0       0       0
   489 ;;      Temps:          0       0       0       0       0
   490 ;;      Totals:         1       0       0       0       0
   491 ;;Total ram usage:        1 bytes
   492 ;; Hardware stack levels used:    1
   493 ;; Hardware stack levels required when called:    1
   494 ;; This function calls:
   495 ;;		_delay
   496 ;; This function is called by:
   497 ;;		_main
   498 ;; This function uses a non-reentrant model
   499 ;;
   500                           
   501                           
   502                           ;psect for function _sendLCDData
   503  0739                     _sendLCDData:	
   504                           
   505                           ;incstack = 0
   506                           ; Regs used in _sendLCDData: [wreg+status,2+status,0+pclath+cstack]
   507                           ;sendLCDData@data stored from wreg
   508  0739  00F6               	movwf	sendLCDData@data
   509                           
   510                           ;delapena_Ex1.c: 32: PORTC = data;
   511  073A  0876               	movf	sendLCDData@data,w
   512  073B  1283               	bcf	3,5	;RP0=0, select bank0
   513  073C  1303               	bcf	3,6	;RP1=0, select bank0
   514  073D  0087               	movwf	7	;volatile
   515                           
   516                           ;delapena_Ex1.c: 33: RB5 = 1;
   517  073E  1686               	bsf	6,5	;volatile
   518                           
   519                           ;delapena_Ex1.c: 34: RB6 = 0;
   520  073F  1306               	bcf	6,6	;volatile
   521                           
   522                           ;delapena_Ex1.c: 35: RB7 = 1;
   523  0740  1786               	bsf	6,7	;volatile
   524                           
   525                           ;delapena_Ex1.c: 36: delay(1);
   526  0741  3001               	movlw	1
   527  0742  00F0               	movwf	delay@ms
   528  0743  3000               	movlw	0
   529  0744  00F1               	movwf	delay@ms+1
   530  0745  120A  118A  2788   	fcall	_delay
   531                           
   532                           ;delapena_Ex1.c: 37: RB7 = 0;
   533  0748  1283               	bcf	3,5	;RP0=0, select bank0
   534  0749  1303               	bcf	3,6	;RP1=0, select bank0
   535  074A  1386               	bcf	6,7	;volatile
   536  074B  0008               	return
   537  074C                     __end_of_sendLCDData:	
   538                           
   539                           	psect	text3
   540  0769                     __ptext3:	
   541 ;; *************** function _initLCD *****************
   542 ;; Defined at:
   543 ;;		line 40 in file "Z:\Embedded System\premid\delapena_Ex1.c"
   544 ;; Parameters:    Size  Location     Type
   545 ;;		None
   546 ;; Auto vars:     Size  Location     Type
   547 ;;		None
   548 ;; Return value:  Size  Location     Type
   549 ;;		None               void
   550 ;; Registers used:
   551 ;;		wreg, status,2, status,0, pclath, cstack
   552 ;; Tracked objects:
   553 ;;		On entry : 0/0
   554 ;;		On exit  : 0/0
   555 ;;		Unchanged: 0/0
   556 ;; Data sizes:     COMMON   BANK0   BANK1   BANK3   BANK2
   557 ;;      Params:         0       0       0       0       0
   558 ;;      Locals:         0       0       0       0       0
   559 ;;      Temps:          0       0       0       0       0
   560 ;;      Totals:         0       0       0       0       0
   561 ;;Total ram usage:        0 bytes
   562 ;; Hardware stack levels used:    1
   563 ;; Hardware stack levels required when called:    3
   564 ;; This function calls:
   565 ;;		_clearDisplay
   566 ;;		_delay
   567 ;;		_sendLCDCommand
   568 ;; This function is called by:
   569 ;;		_main
   570 ;; This function uses a non-reentrant model
   571 ;;
   572                           
   573                           
   574                           ;psect for function _initLCD
   575  0769                     _initLCD:	
   576                           
   577                           ;delapena_Ex1.c: 41: delay(15);
   578                           
   579                           ;incstack = 0
   580                           ; Regs used in _initLCD: [wreg+status,2+status,0+pclath+cstack]
   581  0769  300F               	movlw	15
   582  076A  00F0               	movwf	delay@ms
   583  076B  3000               	movlw	0
   584  076C  00F1               	movwf	delay@ms+1
   585  076D  120A  118A  2788  120A  118A  	fcall	_delay
   586                           
   587                           ;delapena_Ex1.c: 42: sendLCDCommand(0x38);
   588  0772  3038               	movlw	56
   589  0773  120A  118A  2726  120A  118A  	fcall	_sendLCDCommand
   590                           
   591                           ;delapena_Ex1.c: 43: sendLCDCommand(0x0F);
   592  0778  300F               	movlw	15
   593  0779  120A  118A  2726  120A  118A  	fcall	_sendLCDCommand
   594                           
   595                           ;delapena_Ex1.c: 44: clearDisplay();
   596  077E  120A  118A  2718  120A  118A  	fcall	_clearDisplay
   597                           
   598                           ;delapena_Ex1.c: 45: sendLCDCommand(0x06);
   599  0783  3006               	movlw	6
   600  0784  120A  118A  2726   	fcall	_sendLCDCommand
   601  0787  0008               	return
   602  0788                     __end_of_initLCD:	
   603                           
   604                           	psect	text4
   605  0718                     __ptext4:	
   606 ;; *************** function _clearDisplay *****************
   607 ;; Defined at:
   608 ;;		line 48 in file "Z:\Embedded System\premid\delapena_Ex1.c"
   609 ;; Parameters:    Size  Location     Type
   610 ;;		None
   611 ;; Auto vars:     Size  Location     Type
   612 ;;		None
   613 ;; Return value:  Size  Location     Type
   614 ;;		None               void
   615 ;; Registers used:
   616 ;;		wreg, status,2, status,0, pclath, cstack
   617 ;; Tracked objects:
   618 ;;		On entry : 0/0
   619 ;;		On exit  : 0/0
   620 ;;		Unchanged: 0/0
   621 ;; Data sizes:     COMMON   BANK0   BANK1   BANK3   BANK2
   622 ;;      Params:         0       0       0       0       0
   623 ;;      Locals:         0       0       0       0       0
   624 ;;      Temps:          0       0       0       0       0
   625 ;;      Totals:         0       0       0       0       0
   626 ;;Total ram usage:        0 bytes
   627 ;; Hardware stack levels used:    1
   628 ;; Hardware stack levels required when called:    2
   629 ;; This function calls:
   630 ;;		_delay
   631 ;;		_sendLCDCommand
   632 ;; This function is called by:
   633 ;;		_initLCD
   634 ;;		_main
   635 ;; This function uses a non-reentrant model
   636 ;;
   637                           
   638                           
   639                           ;psect for function _clearDisplay
   640  0718                     _clearDisplay:	
   641                           
   642                           ;delapena_Ex1.c: 49: sendLCDCommand(0x01);
   643                           
   644                           ;incstack = 0
   645                           ; Regs used in _clearDisplay: [wreg+status,2+status,0+pclath+cstack]
   646  0718  3001               	movlw	1
   647  0719  120A  118A  2726  120A  118A  	fcall	_sendLCDCommand
   648                           
   649                           ;delapena_Ex1.c: 50: delay(2);
   650  071E  3002               	movlw	2
   651  071F  00F0               	movwf	delay@ms
   652  0720  3000               	movlw	0
   653  0721  00F1               	movwf	delay@ms+1
   654  0722  120A  118A  2788   	fcall	_delay
   655  0725  0008               	return
   656  0726                     __end_of_clearDisplay:	
   657                           
   658                           	psect	text5
   659  0726                     __ptext5:	
   660 ;; *************** function _sendLCDCommand *****************
   661 ;; Defined at:
   662 ;;		line 20 in file "Z:\Embedded System\premid\delapena_Ex1.c"
   663 ;; Parameters:    Size  Location     Type
   664 ;;  cmd             1    wreg     unsigned char 
   665 ;; Auto vars:     Size  Location     Type
   666 ;;  cmd             1    6[COMMON] unsigned char 
   667 ;; Return value:  Size  Location     Type
   668 ;;		None               void
   669 ;; Registers used:
   670 ;;		wreg, status,2, status,0, pclath, cstack
   671 ;; Tracked objects:
   672 ;;		On entry : 0/0
   673 ;;		On exit  : 0/0
   674 ;;		Unchanged: 0/0
   675 ;; Data sizes:     COMMON   BANK0   BANK1   BANK3   BANK2
   676 ;;      Params:         0       0       0       0       0
   677 ;;      Locals:         1       0       0       0       0
   678 ;;      Temps:          0       0       0       0       0
   679 ;;      Totals:         1       0       0       0       0
   680 ;;Total ram usage:        1 bytes
   681 ;; Hardware stack levels used:    1
   682 ;; Hardware stack levels required when called:    1
   683 ;; This function calls:
   684 ;;		_delay
   685 ;; This function is called by:
   686 ;;		_initLCD
   687 ;;		_clearDisplay
   688 ;;		_setCursorPosition
   689 ;; This function uses a non-reentrant model
   690 ;;
   691                           
   692                           
   693                           ;psect for function _sendLCDCommand
   694  0726                     _sendLCDCommand:	
   695                           
   696                           ;incstack = 0
   697                           ; Regs used in _sendLCDCommand: [wreg+status,2+status,0+pclath+cstack]
   698                           ;sendLCDCommand@cmd stored from wreg
   699  0726  00F6               	movwf	sendLCDCommand@cmd
   700                           
   701                           ;delapena_Ex1.c: 21: PORTC = cmd;
   702  0727  0876               	movf	sendLCDCommand@cmd,w
   703  0728  1283               	bcf	3,5	;RP0=0, select bank0
   704  0729  1303               	bcf	3,6	;RP1=0, select bank0
   705  072A  0087               	movwf	7	;volatile
   706                           
   707                           ;delapena_Ex1.c: 22: RB5 = 0;
   708  072B  1286               	bcf	6,5	;volatile
   709                           
   710                           ;delapena_Ex1.c: 23: RB6 = 0;
   711  072C  1306               	bcf	6,6	;volatile
   712                           
   713                           ;delapena_Ex1.c: 24: RB7 = 1;
   714  072D  1786               	bsf	6,7	;volatile
   715                           
   716                           ;delapena_Ex1.c: 25: delay(1);
   717  072E  3001               	movlw	1
   718  072F  00F0               	movwf	delay@ms
   719  0730  3000               	movlw	0
   720  0731  00F1               	movwf	delay@ms+1
   721  0732  120A  118A  2788   	fcall	_delay
   722                           
   723                           ;delapena_Ex1.c: 26: RB7 = 0;
   724  0735  1283               	bcf	3,5	;RP0=0, select bank0
   725  0736  1303               	bcf	3,6	;RP1=0, select bank0
   726  0737  1386               	bcf	6,7	;volatile
   727  0738  0008               	return
   728  0739                     __end_of_sendLCDCommand:	
   729                           
   730                           	psect	text6
   731  0788                     __ptext6:	
   732 ;; *************** function _delay *****************
   733 ;; Defined at:
   734 ;;		line 64 in file "Z:\Embedded System\premid\delapena_Ex1.c"
   735 ;; Parameters:    Size  Location     Type
   736 ;;  ms              2    0[COMMON] unsigned int 
   737 ;; Auto vars:     Size  Location     Type
   738 ;;  j               2    4[COMMON] unsigned int 
   739 ;;  i               2    2[COMMON] unsigned int 
   740 ;; Return value:  Size  Location     Type
   741 ;;		None               void
   742 ;; Registers used:
   743 ;;		wreg, status,2
   744 ;; Tracked objects:
   745 ;;		On entry : 0/0
   746 ;;		On exit  : 0/0
   747 ;;		Unchanged: 0/0
   748 ;; Data sizes:     COMMON   BANK0   BANK1   BANK3   BANK2
   749 ;;      Params:         2       0       0       0       0
   750 ;;      Locals:         4       0       0       0       0
   751 ;;      Temps:          0       0       0       0       0
   752 ;;      Totals:         6       0       0       0       0
   753 ;;Total ram usage:        6 bytes
   754 ;; Hardware stack levels used:    1
   755 ;; This function calls:
   756 ;;		Nothing
   757 ;; This function is called by:
   758 ;;		_sendLCDCommand
   759 ;;		_sendLCDData
   760 ;;		_initLCD
   761 ;;		_clearDisplay
   762 ;; This function uses a non-reentrant model
   763 ;;
   764                           
   765                           
   766                           ;psect for function _delay
   767  0788                     _delay:	
   768                           
   769                           ;delapena_Ex1.c: 65: unsigned int i, j;
   770                           ;delapena_Ex1.c: 66: for (i = 0; i < ms; i++) {
   771                           
   772                           ;incstack = 0
   773                           ; Regs used in _delay: [wreg+status,2]
   774  0788  01F2               	clrf	delay@i
   775  0789  01F3               	clrf	delay@i+1
   776  078A                     l53:	
   777  078A  0871               	movf	delay@ms+1,w
   778  078B  0273               	subwf	delay@i+1,w
   779  078C  1D03               	skipz
   780  078D  2F90               	goto	u35
   781  078E  0870               	movf	delay@ms,w
   782  078F  0272               	subwf	delay@i,w
   783  0790                     u35:	
   784  0790  1803               	btfsc	3,0
   785  0791  0008               	return
   786                           
   787                           ;delapena_Ex1.c: 67: for (j = 0; j < 1000; j++);
   788  0792  01F4               	clrf	delay@j
   789  0793  01F5               	clrf	delay@j+1
   790  0794  3003               	movlw	3
   791  0795  0275               	subwf	delay@j+1,w
   792  0796  30E8               	movlw	232
   793  0797  1903               	skipnz
   794  0798  0274               	subwf	delay@j,w
   795  0799  1803               	btfsc	3,0
   796  079A  2FA8               	goto	l539
   797  079B                     l537:	
   798  079B  3001               	movlw	1
   799  079C  07F4               	addwf	delay@j,f
   800  079D  1803               	skipnc
   801  079E  0AF5               	incf	delay@j+1,f
   802  079F  3000               	movlw	0
   803  07A0  07F5               	addwf	delay@j+1,f
   804  07A1  3003               	movlw	3
   805  07A2  0275               	subwf	delay@j+1,w
   806  07A3  30E8               	movlw	232
   807  07A4  1903               	skipnz
   808  07A5  0274               	subwf	delay@j,w
   809  07A6  1C03               	skipc
   810  07A7  2F9B               	goto	l537
   811  07A8                     l539:	
   812  07A8  3001               	movlw	1
   813  07A9  07F2               	addwf	delay@i,f
   814  07AA  1803               	skipnc
   815  07AB  0AF3               	incf	delay@i+1,f
   816  07AC  3000               	movlw	0
   817  07AD  07F3               	addwf	delay@i+1,f
   818  07AE  2F8A               	goto	l53
   819  07AF                     __end_of_delay:	
   820                           
   821                           	psect	text7
   822  070F                     __ptext7:	
   823 ;; *************** function _getKeyFromPort *****************
   824 ;; Defined at:
   825 ;;		line 71 in file "Z:\Embedded System\premid\delapena_Ex1.c"
   826 ;; Parameters:    Size  Location     Type
   827 ;;		None
   828 ;; Auto vars:     Size  Location     Type
   829 ;;  fol             1    1[COMMON] unsigned char 
   830 ;; Return value:  Size  Location     Type
   831 ;;                  1    wreg      unsigned char 
   832 ;; Registers used:
   833 ;;		wreg, status,2
   834 ;; Tracked objects:
   835 ;;		On entry : 0/0
   836 ;;		On exit  : 0/0
   837 ;;		Unchanged: 0/0
   838 ;; Data sizes:     COMMON   BANK0   BANK1   BANK3   BANK2
   839 ;;      Params:         0       0       0       0       0
   840 ;;      Locals:         1       0       0       0       0
   841 ;;      Temps:          1       0       0       0       0
   842 ;;      Totals:         2       0       0       0       0
   843 ;;Total ram usage:        2 bytes
   844 ;; Hardware stack levels used:    1
   845 ;; This function calls:
   846 ;;		Nothing
   847 ;; This function is called by:
   848 ;;		_main
   849 ;; This function uses a non-reentrant model
   850 ;;
   851                           
   852                           
   853                           ;psect for function _getKeyFromPort
   854  070F                     _getKeyFromPort:	
   855                           
   856                           ;delapena_Ex1.c: 73: unsigned char fol;
   857                           ;delapena_Ex1.c: 74: fol = PORTD & 0x0F;
   858                           
   859                           ;incstack = 0
   860                           ; Regs used in _getKeyFromPort: [wreg+status,2]
   861  070F  1283               	bcf	3,5	;RP0=0, select bank0
   862  0710  1303               	bcf	3,6	;RP1=0, select bank0
   863  0711  0808               	movf	8,w	;volatile
   864  0712  390F               	andlw	15
   865  0713  00F0               	movwf	??_getKeyFromPort
   866  0714  0870               	movf	??_getKeyFromPort,w
   867  0715  00F1               	movwf	getKeyFromPort@fol
   868                           
   869                           ;delapena_Ex1.c: 77: return fol;
   870  0716  0871               	movf	getKeyFromPort@fol,w
   871  0717  0008               	return
   872  0718                     __end_of_getKeyFromPort:	
   873  007E                     btemp	set	126	;btemp
   874  007E                     wtemp	set	126
   875  007E                     wtemp0	set	126
   876  0080                     wtemp1	set	128
   877  0082                     wtemp2	set	130
   878  0084                     wtemp3	set	132
   879  0086                     wtemp4	set	134
   880  0088                     wtemp5	set	136
   881  007F                     wtemp6	set	127
   882  007E                     ttemp	set	126
   883  007E                     ttemp0	set	126
   884  0081                     ttemp1	set	129
   885  0084                     ttemp2	set	132
   886  0087                     ttemp3	set	135
   887  007F                     ttemp4	set	127
   888  007E                     ltemp	set	126
   889  007E                     ltemp0	set	126
   890  0082                     ltemp1	set	130
   891  0086                     ltemp2	set	134
   892  0080                     ltemp3	set	128


Data Sizes:
    Strings     0
    Constant    37
    Data        0
    BSS         0
    Persistent  0
    Stack       0

Auto Spaces:
    Space          Size  Autos    Used
    COMMON           14     13      13
    BANK0            80      0       0
    BANK1            80      0       0
    BANK3            96      0       0
    BANK2            96      0       0

Pointer List with Targets:

    None.

Critical Paths under _main in COMMON

    _main->_setCursorPosition
    _setCursorPosition->_sendLCDCommand
    _sendLCDData->_delay
    _initLCD->_sendLCDCommand
    _clearDisplay->_sendLCDCommand
    _sendLCDCommand->_delay

Critical Paths under _main in BANK0

    None.

Critical Paths under _main in BANK1

    None.

Critical Paths under _main in BANK3

    None.

Critical Paths under _main in BANK2

    None.

Call Graph Tables:

 ---------------------------------------------------------------------------------
 (Depth) Function   	        Calls       Base Space   Used Autos Params    Refs
 ---------------------------------------------------------------------------------
 (0) _main                                                 3     3      0    2081
                                             10 COMMON     3     3      0
                       _clearDisplay
                     _getKeyFromPort
                            _initLCD
                        _sendLCDData
                  _setCursorPosition
 ---------------------------------------------------------------------------------
 (1) _setCursorPosition                                    3     3      0     322
                                              7 COMMON     3     3      0
                     _sendLCDCommand
 ---------------------------------------------------------------------------------
 (1) _sendLCDData                                          1     1      0     247
                                              6 COMMON     1     1      0
                              _delay
 ---------------------------------------------------------------------------------
 (1) _initLCD                                              0     0      0     958
                       _clearDisplay
                              _delay
                     _sendLCDCommand
 ---------------------------------------------------------------------------------
 (2) _clearDisplay                                         0     0      0     479
                              _delay
                     _sendLCDCommand
 ---------------------------------------------------------------------------------
 (2) _sendLCDCommand                                       1     1      0     247
                                              6 COMMON     1     1      0
                              _delay
 ---------------------------------------------------------------------------------
 (3) _delay                                                6     4      2     232
                                              0 COMMON     6     4      2
 ---------------------------------------------------------------------------------
 (1) _getKeyFromPort                                       2     2      0      15
                                              0 COMMON     2     2      0
 ---------------------------------------------------------------------------------
 Estimated maximum stack depth 3
 ---------------------------------------------------------------------------------

 Call Graph Graphs:

 _main (ROOT)
   _clearDisplay
     _delay
     _sendLCDCommand
       _delay
   _getKeyFromPort
   _initLCD
     _clearDisplay
       _delay
       _sendLCDCommand
         _delay
     _delay
     _sendLCDCommand
       _delay
   _sendLCDData
     _delay
   _setCursorPosition
     _sendLCDCommand
       _delay

 Address spaces:
Name               Size   Autos  Total    Cost      Usage
BITCOMMON            E      0       0       0        0.0%
EEDATA             100      0       0       0        0.0%
NULL                 0      0       0       0        0.0%
CODE                 0      0       0       0        0.0%
COMMON               E      D       D       1       92.9%
BITSFR0              0      0       0       1        0.0%
SFR0                 0      0       0       1        0.0%
BITSFR1              0      0       0       2        0.0%
SFR1                 0      0       0       2        0.0%
STACK                0      0       0       2        0.0%
ABS                  0      0       0       3        0.0%
BITBANK0            50      0       0       4        0.0%
BITSFR3              0      0       0       4        0.0%
SFR3                 0      0       0       4        0.0%
BANK0               50      0       0       5        0.0%
BITSFR2              0      0       0       5        0.0%
SFR2                 0      0       0       5        0.0%
BITBANK1            50      0       0       6        0.0%
BANK1               50      0       0       7        0.0%
BITBANK3            60      0       0       8        0.0%
BANK3               60      0       0       9        0.0%
BITBANK2            60      0       0      10        0.0%
BANK2               60      0       0      11        0.0%
DATA                 0      0       0      12        0.0%


Microchip Technology PIC Macro Assembler V1.33 build 59893 
Symbol Table                                                                                   Wed Mar 18 10:39:42 2026

                         pc 0002                 __CFG_CP$OFF 0000                          l53 078A  
                        l66 07C9                          u35 0790                          fsr 0004  
                       l603 07BD                         l613 07D7                         l537 079B  
                       l539 07A8                         l581 075C                         l575 0754  
                       l577 0756                         l585 0764                         _RB5 0035  
                       _RB6 0036                         _RB7 0037                         _RD4 0044  
              __CFG_CPD$OFF 0000                         fsr0 0004                __CFG_FOSC$XT 0000  
              __CFG_LVP$OFF 0000                __CFG_WRT$OFF 0000                        _main 07AF  
                      btemp 007E               __CFG_BOREN$ON 0000                        ltemp 007E  
                      start 0000                        ttemp 007E                        wtemp 007E  
      __end_of_clearDisplay 0726                       ?_main 0070               __CFG_WDTE$OFF 0000  
                     _PORTC 0007                       _PORTD 0008                       _TRISB 0086  
                     _TRISC 0087                       _TRISD 0088               __CFG_PWRTE$ON 0000  
           __end_of_initLCD 0788                       _delay 0788                main@posCount 007C  
                     pclath 000A                       ltemp0 007E                       ltemp1 0082  
                     ltemp2 0086                       ltemp3 0080                ?_sendLCDData 0070  
                     ttemp0 007E                       ttemp1 0081                       ttemp2 0084  
                     ttemp3 0087                       ttemp4 007F                       status 0003  
                     wtemp0 007E                       wtemp1 0080                       wtemp2 0082  
                     wtemp3 0084                       wtemp4 0086                       wtemp5 0088  
                     wtemp6 007F             __initialization 07FC                __end_of_main 07FC  
                    ??_main 007A                      ?_delay 0070                      _ADCON1 009F  
         _setCursorPosition 074C          ?_setCursorPosition 0070            ??_sendLCDCommand 0076  
       ??_setCursorPosition 0077                      delay@i 0072                      delay@j 0074  
                 ??_initLCD 0077   __end_of_setCursorPosition 0769     __end_of__initialization 07FC  
     __size_of_clearDisplay 000E     __size_of_getKeyFromPort 0009              __pcstackCOMMON 0070  
             __end_of_delay 07AF                     ??_delay 0072                _clearDisplay 0718  
           sendLCDData@data 0076        __size_of_sendLCDData 0013                  __pmaintext 07AF  
             _keypadLayout1 0009           sendLCDCommand@cmd 0076  __size_of_setCursorPosition 001D  
                __stringtab 0003                     __ptext1 074C                     __ptext2 0739  
                   __ptext3 0769                     __ptext4 0718                     __ptext5 0726  
                   __ptext6 0788                     __ptext7 070F                     _initLCD 0769  
                   delay@ms 0070        __end_of_keypadLayout 002E        end_of_initialization 07FC  
            _getKeyFromPort 070F        setCursorPosition@cmd 0078        setCursorPosition@pos 0079  
    __end_of_getKeyFromPort 0718         start_initialization 07FC             ?_getKeyFromPort 0070  
   __size_of_sendLCDCommand 0013                   ___latbits 0002               ??_sendLCDData 0076  
              _keypadLayout 001C                   __pstrings 0003                    ?_initLCD 0070  
            __size_of_delay 0027           getKeyFromPort@fol 0071         __end_of_sendLCDData 074C  
               __stringbase 0008                   main@hexIn 007B              _sendLCDCommand 0726  
        __end_of__stringtab 0009            __size_of_initLCD 001F               ?_clearDisplay 0070  
          ??_getKeyFromPort 0070                 _sendLCDData 0739               __size_of_main 004D  
     __end_of_keypadLayout1 001C      __end_of_sendLCDCommand 0739              ??_clearDisplay 0077  
                 stringcode 0003             ?_sendLCDCommand 0070                    stringdir 0003  
                  stringtab 0003  
